https://imagecdn.99acres.com/media/ppf/2026/09/08/17/fy3jsdq_1788867461_834929903.jpg	HTTP 404
https://imagecdn.99acres.com/media/ppf/2026/09/08/17/bcns4lr_1788867462_834929911.jpg	HTTP 404
https://imagecdn.99acres.com/media/ppf/2026/09/08/17/zhro3mv_1788867462_834929905.jpg	HTTP 404
https://imagecdn.99acres.com/media/ppf/2026/09/08/17/srvzb9b_1788867464_834929925.jpg	HTTP 404
https://imagecdn.99acres.com/media/ppf/2026/09/08/17/vimlivg_1788867464_834929935.jpg	HTTP 404
https://imagecdn.99acres.com/media/ppf/2026/09/08/17/hecmab4_1788867462_834929909.jpg	HTTP 404
https://imagecdn.99acres.com/media/ppf/2026/09/08/17/8zms0zv_1788867464_834929923.jpg	HTTP 404
https://imagecdn.99acres.com/media/ppf/2026/09/08/17/as04sph_1788867463_834929915.jpg	HTTP 404
https://imagecdn.99acres.com/media/ppf/2026/09/08/17/vvqgnne_1788867464_834929931.jpg	HTTP 404
https://imagecdn.99acres.com/media/ppf/2026/09/08/16/jebgpuo_1788864735_834897907.jpg	HTTP 404
https://imagecdn.99acres.com/media/ppf/2026/09/08/16/6cgb8jc_1788864746_834898077.jpg	HTTP 404
https://imagecdn.99acres.com/media/ppf/2026/09/08/16/qedkzn6_1788864737_834897923.jpg	HTTP 404
https://imagecdn.99acres.com/media/ppf/2026/09/08/16/gmlnyar_1788864743_834898037.jpg	HTTP 404
https://imagecdn.99acres.com/media/ppf/2026/09/08/16/s5egmlr_1788864783_834898605.jpg	HTTP 404
https://imagecdn.99acres.com/media/ppf/2026/09/08/16/cuokqjd_1788864738_834897939.jpg	HTTP 404
https://imagecdn.99acres.com/media/ppf/2026/09/08/16/ygzipgp_1788864740_834897961.jpg	HTTP 404
https://imagecdn.99acres.com/media/ppf/2026/09/08/16/eotlpv7_1788864745_834898057.jpg	HTTP 404
https://imagecdn.99acres.com/media/ppf/2026/09/08/16/ncsleza_1788864741_834897991.jpg	HTTP 404
https://imagecdn.99acres.com/media/ppf/2026/09/08/16/ftrou0v_1788864773_834898457.jpg	HTTP 404
https://imagecdn.99acres.com/media/ppf/2026/09/08/16/jrbohae_1788864776_834898483.jpg	HTTP 404
https://imagecdn.99acres.com/media/ppf/2026/09/08/16/yjqu77k_1788864777_834898503.jpg	HTTP 404
https://imagecdn.99acres.com/media/ppf/2026/09/08/16/1ekcs7i_1788864780_834898589.jpg	HTTP 404
